
Student@ISENTIA-1KAJUO4 MINGW64 ~
$ cd

Student@ISENTIA-1KAJUO4 MINGW64 ~
$ pwd
/c/Users/Student

Student@ISENTIA-1KAJUO4 MINGW64 ~
$ cd ..

Student@ISENTIA-1KAJUO4 MINGW64 /c/Users
$ cd ..

Student@ISENTIA-1KAJUO4 MINGW64 /c
$ cd gitvoorbeeld

Student@ISENTIA-1KAJUO4 MINGW64 /c/gitvoorbeeld
$ git init
Initialized empty Git repository in C:/gitvoorbeeld/.git/

Student@ISENTIA-1KAJUO4 MINGW64 /c/gitvoorbeeld (master)
$ git status
On branch master

No commits yet

nothing to commit (create/copy files and use "git add" to track)

Student@ISENTIA-1KAJUO4 MINGW64 /c/gitvoorbeeld (master)
$ git add .

Student@ISENTIA-1KAJUO4 MINGW64 /c/gitvoorbeeld (master)
$ git status
On branch master

No commits yet

nothing to commit (create/copy files and use "git add" to track)

Student@ISENTIA-1KAJUO4 MINGW64 /c/gitvoorbeeld (master)
$ git commit minam "mijn commit"
error: pathspec 'minam' did not match any file(s) known to git.
error: pathspec 'mijn commit' did not match any file(s) known to git.

Student@ISENTIA-1KAJUO4 MINGW64 /c/gitvoorbeeld (master)
$ cd ..

Student@ISENTIA-1KAJUO4 MINGW64 /c
$ cd programmas

Student@ISENTIA-1KAJUO4 MINGW64 /c/programmas
$ git init
Initialized empty Git repository in C:/programmas/.git/

Student@ISENTIA-1KAJUO4 MINGW64 /c/programmas (master)
$ git status
On branch master

No commits yet

Untracked files:
  (use "git add <file>..." to include in what will be committed)

        BlackJack.java
        Demonstratie.class
        Demonstratie.java

nothing added to commit but untracked files present (use "git add" to track)

Student@ISENTIA-1KAJUO4 MINGW64 /c/programmas (master)
$ git add .

Student@ISENTIA-1KAJUO4 MINGW64 /c/programmas (master)
$ git status
On branch master

No commits yet

Changes to be committed:
  (use "git rm --cached <file>..." to unstage)

        new file:   BlackJack.java
        new file:   Demonstratie.class
        new file:   Demonstratie.java


Student@ISENTIA-1KAJUO4 MINGW64 /c/programmas (master)
$ git commit -am "mijn eerste commit"

*** Please tell me who you are.

Run

  git config --global user.email "you@example.com"
  git config --global user.name "Your Name"

to set your account's default identity.
Omit --global to set the identity only in this repository.

fatal: unable to auto-detect email address (got 'Student@ISENTIA-1KAJUO4.(none)')

Student@ISENTIA-1KAJUO4 MINGW64 /c/programmas (master)
$ history
    1  cd
    2  pwd
    3  cd ..
    4  cd ..
    5  cd gitvoorbeeld
    6  git init
    7  git status
    8  git add .
    9  git status
   10  git commit minam "mijn commit"
   11  cd ..
   12  cd programmas
   13  git init
   14  git status
   15  git add .
   16  git status
   17  git commit -am "mijn eerste commit"
   18  history

Student@ISENTIA-1KAJUO4 MINGW64 /c/programmas (master)
$
